// Jest Snapshot v1, https://goo.gl/fbAQLP

exports[`PlanConfigList should display the values 1`] = `
<styled.div>
  <styled.span
    error={false}
  />
  <FormWatcher
    __debug={false}
    watchPath={[Function]}
  />
</styled.div>
`;
