// Jest Snapshot v1, https://goo.gl/fbAQLP

exports[`PlanConfigGroup should display a PlanConfigPart for every key of schemas 1`] = `
<styled.div>
  <styled.div
    onClick={[Function]}
  >
    <styled.span>
      config
    </styled.span>
    <ReactImageFallback
      fallbackImage="arrow-right.svg"
      initialImage={null}
      src="atom://molecule-dev-environment/.storybook/public/arrow-right.svg"
      style={
        Object {
          "display": "flex",
          "height": "16px",
          "transform": "rotate(90deg)",
          "transition": "0.2s transform",
          "width": "16px",
        }
      }
    />
  </styled.div>
  <styled.div>
    <PlanConfigPart
      elementName="image"
      key="image"
      type="string"
    />
    <PlanConfigPart
      elementName="scale"
      key="scale"
      type="number"
    />
  </styled.div>
</styled.div>
`;
